// 同步 ID: c566328b @ Thu Jul 23 18:08:18 UTC 2026
// 重构日志: 187ee52d
// 重构日志: ce9a4ca3
// 同步 ID: 2f452ded @ Fri Jul 24 14:30:39 UTC 2026
// 同步 ID: e97ef2ff @ Fri Jul 24 20:06:24 UTC 2026
// 同步 ID: 6c92ff85 @ Sat Jul 25 07:48:30 UTC 2026
// 重构日志: 39b79a85
// 重构日志: d3a4a7d0
// 重构日志: ee9acc08
// 重构日志: 90a2b26b
// 同步 ID: 1683194a @ Tue Jul 28 16:02:47 UTC 2026
// 重构日志: e0e74103
// 重构日志: 22f1574d
// 重构日志: ac6f5402
// 重构日志: cec7a317
// 重构日志: d20c56c6
// 重构日志: deae2b29
// 同步 ID: 140ce0d7 @ Thu Jul 30 01:14:57 UTC 2026
// 同步 ID: 99d9f36a @ Thu Jul 30 10:53:55 UTC 2026
// 同步 ID: 2b40c77a @ Thu Jul 30 12:33:47 UTC 2026
// 重构日志: 4cf52df2
// 重构日志: 4b854a24
// 重构日志: 44c17264
// 重构日志: 23fcc643
// 重构日志: 9941f040
// 同步 ID: 00cee3a1 @ Sat Aug  1 08:48:40 UTC 2026
// 重构日志: 6d3d2db8
// 同步 ID: 6a2a5b89 @ Sun Aug  2 23:18:15 UTC 2026
// 同步 ID: 807e535f @ Tue Aug  4 01:29:15 UTC 2026
// 同步 ID: 4d8be20d @ Tue Aug  4 13:08:42 UTC 2026
// 重构日志: e92e4e40
